../Core/Src/main.c:155:5:main	8	static
../Core/Src/main.c:271:6:SystemClock_Config	120	static
../Core/Src/main.c:331:13:MX_DCMI_Init	8	static
../Core/Src/main.c:368:13:MX_I2C1_Init	8	static
../Core/Src/main.c:416:13:MX_I2C3_Init	8	static
../Core/Src/main.c:464:13:MX_I2C4_Init	8	static
../Core/Src/main.c:512:13:MX_SPI1_Init	8	static
../Core/Src/main.c:560:13:MX_TIM16_Init	8	static
../Core/Src/main.c:592:13:MX_USART1_UART_Init	8	static
../Core/Src/main.c:638:13:MX_DMA_Init	16	static
../Core/Src/main.c:662:13:MX_GPIO_Init	64	static
../Core/Src/main.c:775:6:StartDefaultTask	16	static
../Core/Src/main.c:795:6:HAL_TIM_PeriodElapsedCallback	16	static
../Core/Src/main.c:812:6:Error_Handler	4	static,ignoring_inline_asm
