../Core/Src/main.c:155:5:main	1
../Core/Src/main.c:271:6:SystemClock_Config	4
../Core/Src/main.c:331:13:MX_DCMI_Init	2
../Core/Src/main.c:368:13:MX_I2C1_Init	4
../Core/Src/main.c:416:13:MX_I2C3_Init	4
../Core/Src/main.c:464:13:MX_I2C4_Init	4
../Core/Src/main.c:512:13:MX_SPI1_Init	2
../Core/Src/main.c:560:13:MX_TIM16_Init	2
../Core/Src/main.c:592:13:MX_USART1_UART_Init	5
../Core/Src/main.c:638:13:MX_DMA_Init	1
../Core/Src/main.c:662:13:MX_GPIO_Init	1
../Core/Src/main.c:775:6:StartDefaultTask	1
../Core/Src/main.c:795:6:HAL_TIM_PeriodElapsedCallback	2
../Core/Src/main.c:812:6:Error_Handler	1
