../APP/ap/modules/cam/RGB_Cam/RGB_cam.c:39:6:RGBInit	8	static
../APP/ap/modules/cam/RGB_Cam/RGB_cam.c:51:13:onFrameCallback	4	static
../APP/ap/modules/cam/RGB_Cam/RGB_cam.c:57:6:RGBThread	24	static
../APP/ap/modules/cam/RGB_Cam/RGB_cam.c:87:6:BPMThread	72	static
../APP/ap/modules/cam/RGB_Cam/RGB_cam.c:196:6:TimerCallback	16	static
../APP/ap/modules/cam/RGB_Cam/RGB_cam.c:218:14:calc_roi_green_avg	40	static
../APP/ap/modules/cam/RGB_Cam/RGB_cam.c:237:13:BilinearInterpolate_2x	152	static
../APP/ap/modules/cam/RGB_Cam/RGB_cam.c:285:13:cliRGBCAM	48	static
