../APP/common/src/cli.c:105:6:cliInit	8	static
../APP/common/src/cli.c:131:6:cliOpen	16	static
../APP/common/src/cli.c:148:6:cliIsBusy	4	static
../APP/common/src/cli.c:153:6:cliOpenLog	24	static
../APP/common/src/cli.c:169:9:cliGetPort	4	static
../APP/common/src/cli.c:174:6:cliLogClose	4	static
../APP/common/src/cli.c:180:6:cliShowLog	24	static
../APP/common/src/cli.c:200:6:cliShowPrompt	16	static
../APP/common/src/cli.c:206:6:cliMain	8	static
../APP/common/src/cli.c:221:6:cliLogo	8	static
../APP/common/src/cli.c:231:10:cliAvailable	8	static
../APP/common/src/cli.c:236:9:cliRead	8	static
../APP/common/src/cli.c:241:10:cliWrite	16	static
../APP/common/src/cli.c:246:6:cliUpdate	56	static
../APP/common/src/cli.c:458:6:cliLineClean	16	static
../APP/common/src/cli.c:466:6:cliLineAdd	16	static
../APP/common/src/cli.c:481:6:cliLineChange	24	static
../APP/common/src/cli.c:523:6:cliRunCmd	24	static
../APP/common/src/cli.c:551:6:cliParseArgs	40	static
../APP/common/src/cli.c:583:6:cliRunStr	24	static
../APP/common/src/cli.c:598:6:cliPrintf	24	static
../APP/common/src/cli.c:612:6:cliPutch	24	static
../APP/common/src/cli.c:619:6:cliToUpper	24	static
../APP/common/src/cli.c:646:9:cliArgsGetData	24	static
../APP/common/src/cli.c:662:7:cliArgsGetFloat	24	static
../APP/common/src/cli.c:678:7:cliArgsGetStr	24	static
../APP/common/src/cli.c:694:6:cliArgsIsStr	24	static
../APP/common/src/cli.c:713:6:cliKeepLoop	16	static
../APP/common/src/cli.c:728:6:cliAdd	32	static
../APP/common/src/cli.c:751:6:cliShowList	24	static
../APP/common/src/cli.c:768:6:cliMemoryDump	56	static
../APP/common/src/cli.c:828:6:cliShowCursor	16	static
../APP/common/src/cli.c:840:6:cliMoveUp	16	static
../APP/common/src/cli.c:845:6:cliMoveDown	16	static
