../APP/lib/lvgl/src/draw/sw/lv_draw_sw.c:164:6:lv_draw_sw_init	24	static
../APP/lib/lvgl/src/draw/sw/lv_draw_sw.c:189:6:lv_draw_sw_deinit	8	static
../APP/lib/lvgl/src/draw/sw/lv_draw_sw.c:200:16:lv_draw_sw_delete	24	static
../APP/lib/lvgl/src/draw/sw/lv_draw_sw.c:219:6:lv_draw_sw_rgb565_swap	32	static
../APP/lib/lvgl/src/draw/sw/lv_draw_sw.c:253:6:lv_draw_sw_i1_invert	32	static
../APP/lib/lvgl/src/draw/sw/lv_draw_sw.c:284:6:lv_draw_sw_rotate	32	static
../APP/lib/lvgl/src/draw/sw/lv_draw_sw.c:381:20:execute_drawing_unit	16	static
../APP/lib/lvgl/src/draw/sw/lv_draw_sw.c:392:16:evaluate	24	static
../APP/lib/lvgl/src/draw/sw/lv_draw_sw.c:430:16:dispatch	32	static
../APP/lib/lvgl/src/draw/sw/lv_draw_sw.c:470:13:render_thread_cb	24	static
../APP/lib/lvgl/src/draw/sw/lv_draw_sw.c:499:13:execute_drawing	24	static
../APP/lib/lvgl/src/draw/sw/lv_draw_sw.c:592:13:rotate270_argb8888	40	static
../APP/lib/lvgl/src/draw/sw/lv_draw_sw.c:613:13:rotate180_argb8888	40	static
../APP/lib/lvgl/src/draw/sw/lv_draw_sw.c:632:13:rotate90_argb8888	40	static
../APP/lib/lvgl/src/draw/sw/lv_draw_sw.c:656:13:rotate90_rgb888	40	static
../APP/lib/lvgl/src/draw/sw/lv_draw_sw.c:675:13:rotate180_rgb888	40	static
../APP/lib/lvgl/src/draw/sw/lv_draw_sw.c:693:13:rotate270_rgb888	40	static
../APP/lib/lvgl/src/draw/sw/lv_draw_sw.c:715:13:rotate270_rgb565	40	static
../APP/lib/lvgl/src/draw/sw/lv_draw_sw.c:736:13:rotate180_rgb565	40	static
../APP/lib/lvgl/src/draw/sw/lv_draw_sw.c:755:13:rotate90_rgb565	40	static
../APP/lib/lvgl/src/draw/sw/lv_draw_sw.c:781:13:rotate90_l8	40	static
../APP/lib/lvgl/src/draw/sw/lv_draw_sw.c:799:13:rotate180_l8	40	static
../APP/lib/lvgl/src/draw/sw/lv_draw_sw.c:815:13:rotate270_l8	40	static
