C:/stm32/balancing_robot/STM32H743IIT6_TEST/APP/lib/lvgl/src/core/lv_obj_style.h:196:20:lv_obj_set_style_pad_all	24	static
../APP/ap/modules/display/lvgl/lvgl_ui.c:89:6:lvglThreadInit	8	static
../APP/ap/modules/display/lvgl/lvgl_ui.c:96:6:lvglThread	152	static
../APP/ap/modules/display/lvgl/lvgl_ui.c:201:13:lvgl_launcher	32	static
../APP/ap/modules/display/lvgl/lvgl_ui.c:228:13:button_event_cb	24	static
../APP/ap/modules/display/lvgl/lvgl_ui.c:248:13:screen_RGBcamera_show	40	static
../APP/ap/modules/display/lvgl/lvgl_ui.c:287:13:BPM_page_cb	16	static
../APP/ap/modules/display/lvgl/lvgl_ui.c:310:13:BPM_start_cb	24	static
../APP/ap/modules/display/lvgl/lvgl_ui.c:334:13:screen_thermal_show	40	static
../APP/ap/modules/display/lvgl/lvgl_ui.c:396:13:MLX_BPM_page_cb	16	static
../APP/ap/modules/display/lvgl/lvgl_ui.c:438:13:MLX_BPM_start_cb	24	static
../APP/ap/modules/display/lvgl/lvgl_ui.c:460:19:create_right_btn_container	24	static
../APP/ap/modules/display/lvgl/lvgl_ui.c:486:19:create_square_btn	32	static
../APP/ap/modules/display/lvgl/lvgl_ui.c:503:19:create_color_bar	32	static
../APP/ap/modules/display/lvgl/lvgl_ui.c:515:19:create_touch_marker	24	static
../APP/ap/modules/display/lvgl/lvgl_ui.c:528:19:create_bpm_bar	32	static
../APP/ap/modules/display/lvgl/lvgl_ui.c:552:13:thermal_touch_cb	64	static
../APP/ap/modules/display/lvgl/lvgl_ui.c:593:6:update_min_temp_labels	64	static
../APP/ap/modules/display/lvgl/lvgl_ui.c:608:6:update_max_temp_labels	64	static
../APP/ap/modules/display/lvgl/lvgl_ui.c:623:13:back_to_main_cb	16	static
../APP/ap/modules/display/lvgl/lvgl_ui.c:630:13:back_to_heapMap_cb	16	static
../APP/ap/modules/display/lvgl/lvgl_ui.c:636:13:setting_page_cb	80	static
../APP/ap/modules/display/lvgl/lvgl_ui.c:729:13:marker_cb	16	static
../APP/ap/modules/display/lvgl/lvgl_ui.c:736:13:pause_cb	16	static
../APP/ap/modules/display/lvgl/lvgl_ui.c:740:13:Palette_event_handler	56	static
../APP/ap/modules/display/lvgl/lvgl_ui.c:760:13:min_range_event_handler	56	static
../APP/ap/modules/display/lvgl/lvgl_ui.c:778:13:max_range_event_handler	56	static
../APP/ap/modules/display/lvgl/lvgl_ui.c:797:13:radiobutton_create	24	static
../APP/ap/modules/display/lvgl/lvgl_ui.c:806:13:range_radio_event_cb	32	static
../APP/ap/modules/display/lvgl/lvgl_ui.c:822:7:CanvasGetFrameBuffer	4	static
