../APP/hw/src/lcd.c:49:7:lcdGetFrameBuffer	4	static
../APP/hw/src/lcd.c:55:6:lcdInit	8	static
../APP/hw/src/lcd.c:81:6:lcdIsInit	4	static
../APP/hw/src/lcd.c:86:6:lcdReset	4	static
../APP/hw/src/lcd.c:90:9:lcdGetBackLight	4	static
../APP/hw/src/lcd.c:95:6:lcdSetBackLight	16	static
../APP/hw/src/lcd.c:115:10:lcdReadPixel	16	static
../APP/hw/src/lcd.c:120:6:lcdDrawPixel	16	static
../APP/hw/src/lcd.c:128:6:lcdClear	16	static
../APP/hw/src/lcd.c:135:6:lcdClearBuffer	24	static
../APP/hw/src/lcd.c:145:10:lcdGetDrawTime	16	static
../APP/hw/src/lcd.c:154:6:lcdDrawFillCircle	40	static
../APP/hw/src/lcd.c:185:6:lcdDrawCircleHelper	40	static
../APP/hw/src/lcd.c:226:6:lcdDrawRoundRect	32	static
../APP/hw/src/lcd.c:241:6:lcdDrawFillCircleHelper	40	static
../APP/hw/src/lcd.c:276:6:lcdDrawFillRoundRect	40	static
../APP/hw/src/lcd.c:286:6:lcdDrawTriangle	40	static
../APP/hw/src/lcd.c:293:6:lcdDrawFillTriangle	80	dynamic
../APP/hw/src/lcd.c:329:6:lcdDrawAvailable	8	static
../APP/hw/src/lcd.c:334:6:lcdRequestDraw	8	static
../APP/hw/src/lcd.c:353:6:lcdUpdateDraw	16	static
../APP/hw/src/lcd.c:375:6:lcdSetWindow	24	static
../APP/hw/src/lcd.c:385:9:lcdGetWidth	4	static
../APP/hw/src/lcd.c:390:9:lcdGetHeight	4	static
../APP/hw/src/lcd.c:396:6:lcdDrawLine	48	static
../APP/hw/src/lcd.c:450:6:lcdDrawLineBuffer	48	static
../APP/hw/src/lcd.c:518:6:lcdDrawVLine	32	static
../APP/hw/src/lcd.c:523:6:lcdDrawHLine	32	static
../APP/hw/src/lcd.c:528:6:lcdDrawFillRect	32	static
../APP/hw/src/lcd.c:536:6:lcdDrawRect	24	static
../APP/hw/src/lcd.c:544:6:lcdDrawFillScreen	24	static
../APP/hw/src/lcd.c:549:6:lcdPrintf	364	static
../APP/hw/src/lcd.c:614:10:lcdGetStrWidth	328	static
../APP/hw/src/lcd.c:652:6:disHanFont	40	static
../APP/hw/src/lcd.c:684:6:disEngFont	40	static
../APP/hw/src/lcd.c:703:6:lcdSetFont	16	static
../APP/hw/src/lcd.c:708:9:lcdGetFont	4	static
../APP/hw/src/lcd.c:713:6:lcdDrawPixelBuffer	16	static
../APP/hw/src/lcd.c:718:6:disHanFontBuffer	40	static
../APP/hw/src/lcd.c:758:10:lcdGetColorMix	24	static
../APP/hw/src/lcd.c:773:6:lcdDrawPixelMix	40	static
../APP/hw/src/lcd.c:788:9:lcdCreateImage	568	static
../APP/hw/src/lcd.c:823:6:lcdSpriteCreate	32	static
../APP/hw/src/lcd.c:857:6:lcdSpriteDraw	48	static
../APP/hw/src/lcd.c:871:6:lcdSpriteDrawWrap	24	static
../APP/hw/src/lcd.c:886:6:lcdDrawImageIndex8Bit	64	static
../APP/hw/src/lcd.c:927:6:lcdDrawImageTrueColor	64	static
../APP/hw/src/lcd.c:969:6:lcdDrawImageOffset	32	static
../APP/hw/src/lcd.c:983:6:lcdDrawImage	24	static
../APP/hw/src/lcd.c:990:6:cliLcd	40	static
