../APP/hw/src/MLX90640_API.c:45:5:MLX90640_DumpEE	16	static
../APP/hw/src/MLX90640_API.c:50:5:MLX90640_SynchFrame	32	static
../APP/hw/src/MLX90640_API.c:76:5:MLX90640_TriggerMeasurement	24	static
../APP/hw/src/MLX90640_API.c:118:5:MLX90640_GetFrameData	160	static
../APP/hw/src/MLX90640_API.c:184:12:ValidateFrameData	24	static
../APP/hw/src/MLX90640_API.c:197:12:ValidateAuxData	40	static
../APP/hw/src/MLX90640_API.c:236:5:MLX90640_ExtractParameters	24	static
../APP/hw/src/MLX90640_API.c:261:5:MLX90640_SetResolution	24	static
../APP/hw/src/MLX90640_API.c:284:5:MLX90640_GetCurResolution	32	static
../APP/hw/src/MLX90640_API.c:302:5:MLX90640_SetRefreshRate	24	static
../APP/hw/src/MLX90640_API.c:324:5:MLX90640_GetRefreshRate	32	static
../APP/hw/src/MLX90640_API.c:342:5:MLX90640_SetInterleavedMode	24	static
../APP/hw/src/MLX90640_API.c:361:5:MLX90640_SetChessMode	24	static
../APP/hw/src/MLX90640_API.c:380:5:MLX90640_GetCurMode	32	static
../APP/hw/src/MLX90640_API.c:398:6:MLX90640_CalculateTo	136	static
../APP/hw/src/MLX90640_API.c:531:6:MLX90640_GetImage	88	static
../APP/hw/src/MLX90640_API.c:620:7:MLX90640_GetVdd	40	static
../APP/hw/src/MLX90640_API.c:636:7:MLX90640_GetTa	32	static
../APP/hw/src/MLX90640_API.c:657:5:MLX90640_GetSubPageNumber	16	static
../APP/hw/src/MLX90640_API.c:664:6:MLX90640_BadPixelsCorrection	56	static
../APP/hw/src/MLX90640_API.c:767:13:ExtractVDDParameters	24	static
../APP/hw/src/MLX90640_API.c:783:13:ExtractPTATParameters	32	static
../APP/hw/src/MLX90640_API.c:816:13:ExtractGainParameters	16	static
../APP/hw/src/MLX90640_API.c:823:13:ExtractTgcParameters	16	static
../APP/hw/src/MLX90640_API.c:830:13:ExtractResolutionParameters	24	static
../APP/hw/src/MLX90640_API.c:840:13:ExtractKsTaParameters	16	static
../APP/hw/src/MLX90640_API.c:847:13:ExtractKsToParameters	24	static
../APP/hw/src/MLX90640_API.c:875:13:ExtractAlphaParameters	3376	static
../APP/hw/src/MLX90640_API.c:976:13:ExtractOffsetParameters	280	static
../APP/hw/src/MLX90640_API.c:1044:13:ExtractKtaPixelParameters	3144	static
../APP/hw/src/MLX90640_API.c:1116:13:ExtractKvPixelParameters	3144	static
../APP/hw/src/MLX90640_API.c:1206:13:ExtractCPParameters	56	static
../APP/hw/src/MLX90640_API.c:1263:13:ExtractCILCParameters	32	static
../APP/hw/src/MLX90640_API.c:1300:12:ExtractDeviatingPixels	32	static
../APP/hw/src/MLX90640_API.c:1391:13:CheckAdjacentPixels	32	static
../APP/hw/src/MLX90640_API.c:1416:14:GetMedian	32	static
../APP/hw/src/MLX90640_API.c:1447:12:IsPixelBad	24	static
