../APP/hw/src/ov7670.c:43:7:CamGetFrameBuffer	4	static
../APP/hw/src/ov7670.c:50:19:ov7670_init	24	static
../APP/hw/src/ov7670.c:72:19:ov7670_config	24	static
../APP/hw/src/ov7670.c:91:19:ov7670_startCap	16	static
../APP/hw/src/ov7670.c:108:19:ov7670_stopCap	8	static
../APP/hw/src/ov7670.c:114:6:ov7670_registerCallback	24	static
../APP/hw/src/ov7670.c:120:6:HAL_DCMI_FrameEventCallback	16	static
../APP/hw/src/ov7670.c:131:6:HAL_DCMI_VsyncEventCallback	16	static
../APP/hw/src/ov7670.c:146:19:ov7670_write	40	static
../APP/hw/src/ov7670.c:155:19:ov7670_read	32	static
