../Drivers/STM32H7xx_HAL_Driver/Inc/stm32h7xx_ll_spi.h:1397:22:LL_SPI_SetDataWidth	16	static
../APP/hw/src/st7796.c:57:6:st7796Init	16	static
../APP/hw/src/st7796.c:90:6:st7796IsReady	4	static
../APP/hw/src/st7796.c:95:6:st7796GetInfo	16	static
../APP/hw/src/st7796.c:100:6:st7796Reset	16	static
../APP/hw/src/st7796.c:116:10:st7796GetWidth	4	static
../APP/hw/src/st7796.c:121:10:st7796GetHeight	4	static
../APP/hw/src/st7796.c:126:6:writecommand	16	static
../APP/hw/src/st7796.c:136:6:writedata	16	static
../APP/hw/src/st7796.c:146:6:st7796InitRegs	8	static
../APP/hw/src/st7796.c:260:6:st7796SetRotation	16	static
../APP/hw/src/st7796.c:285:6:st7796SetWindow	24	static
../APP/hw/src/st7796.c:302:6:st7796FillRect	64	dynamic
../APP/hw/src/st7796.c:392:6:st7796SendBuffer	32	static
../APP/hw/src/st7796.c:421:6:HAL_SPI_TxCpltCallback	24	static
../APP/hw/src/st7796.c:452:6:cliCmd	48	static
